=== CHECKING EXISTING LOTS ===
Found 10 lots:
  Lot ID: 993, num_lot: 1, manzana_id: 1, area_m2: 96.00, status: disponible
  Lot ID: 994, num_lot: 2, manzana_id: 1, area_m2: 72.00, status: disponible
  Lot ID: 995, num_lot: 3, manzana_id: 1, area_m2: 72.00, status: disponible
  Lot ID: 996, num_lot: 4, manzana_id: 1, area_m2: 84.00, status: disponible
  Lot ID: 997, num_lot: 5, manzana_id: 1, area_m2: 84.00, status: disponible
  Lot ID: 998, num_lot: 6, manzana_id: 1, area_m2: 72.00, status: disponible
  Lot ID: 999, num_lot: 7, manzana_id: 1, area_m2: 72.00, status: disponible
  Lot ID: 1000, num_lot: 8, manzana_id: 1, area_m2: 72.00, status: disponible
  Lot ID: 1001, num_lot: 9, manzana_id: 1, area_m2: 72.00, status: disponible
  Lot ID: 1002, num_lot: 10, manzana_id: 1, area_m2: 72.00, status: disponible

=== CURRENT RESERVATION DATA ===
Reservation ID: 26
Client ID: 1
Lot ID: 6
Status: completada

=== UPDATING RESERVATION TO USE EXISTING LOT ===
Updating reservation 26 to use lot_id: 993
Reservation updated successfully

=== TESTING AFTER UPDATE ===
Reservation lot_id: 993
Lot loaded successfully!
Lot ID: 993
Lot num_lot: 1
Lot manzana_id: 1
Lot area_m2: 96.00

=== TESTING PAYMENT SCHEDULE RESOURCE AFTER UPDATE ===
Client Name: MARY ARACELI LOPEZ MOLTAVAL
Client Document: -
Lot Number: 1
Lot Manzana: 1
Lot Area: 96.00
